
> satyagov-web@1.0.0 dev
> next dev

   ▲ Next.js 14.1.4
   - Local:        http://localhost:3000

Attention: Next.js now collects completely anonymous telemetry regarding usage.
This information is used to shape Next.js' roadmap and prioritize features.
You can learn more, including how to opt-out if you'd not like to participate in this anonymous program, by visiting the following URL:
https://nextjs.org/telemetry

 ✓ Ready in 22.1s
 ○ Compiling / ...
 ✓ Compiled / in 1057ms (433 modules)
 ✓ Compiled in 96ms (210 modules)
 ✓ Compiled / in 75ms (209 modules)
 ✓ Compiled in 90ms (209 modules)
 ✓ Compiled in 108ms (419 modules)
 ✓ Compiled in 133ms (433 modules)
 ⨯ ./src/app/globals.css:87:1
Syntax error: /Users/macbook/Documents/website/frontend/src/app/globals.css Unexpected }

  85 |     overflow-x: hidden;
  86 |     line-height: 1.45;
> 87 | }
     | ^
  88 | 
  89 | /* App Container */
 ⨯ ./src/app/globals.css:87:1
Syntax error: /Users/macbook/Documents/website/frontend/src/app/globals.css Unexpected }

  85 |     overflow-x: hidden;
  86 |     line-height: 1.45;
> 87 | }
     | ^
  88 | 
  89 | /* App Container */
 ○ Compiling /_error ...
 ✓ Compiled /not-found in 345ms (587 modules)
 ⚠ Fast Refresh had to perform a full reload. Read more: https://nextjs.org/docs/messages/fast-refresh-reload
 ✓ Compiled in 312ms (580 modules)
 ✓ Compiled in 89ms (594 modules)
 ✓ Compiled in 184ms (594 modules)
 ✓ Compiled in 99ms (582 modules)
 ⨯ ./src/app/page.js
Error: 
  [31mx[0m Unexpected token. Did you mean `{'}'}` or `&rbrace;`?
     ,-[[36;1;4m/Users/macbook/Documents/website/frontend/src/app/page.js[0m:170:1]
 [2m170[0m |       </main>
 [2m171[0m |     </div>
 [2m172[0m |   );
 [2m173[0m | }
     : [31;1m^[0m
     `----

  [31mx[0m Unexpected eof
     ,-[[36;1;4m/Users/macbook/Documents/website/frontend/src/app/page.js[0m:171:1]
 [2m171[0m |     </div>
 [2m172[0m |   );
 [2m173[0m | }
     `----

Caused by:
    Syntax Error

Import trace for requested module:
./src/app/page.js
 ✓ Compiled in 219ms (582 modules)
 ✓ Compiled in 140ms (596 modules)
 ✓ Compiled in 124ms (596 modules)
 ✓ Compiled in 88ms (582 modules)
 ✓ Compiled in 123ms (596 modules)
 ✓ Compiled in 100ms (596 modules)
 ✓ Compiled in 86ms (582 modules)
 ✓ Compiled in 122ms (596 modules)
 ✓ Compiled in 106ms (596 modules)
 ✓ Compiled in 109ms (596 modules)
 ⨯ ./src/app/page.js
Error: 
  [31mx[0m Unexpected token. Did you mean `{'}'}` or `&rbrace;`?
     ,-[[36;1;4m/Users/macbook/Documents/website/frontend/src/app/page.js[0m:172:1]
 [2m172[0m |     </div>
 [2m173[0m |     </>
 [2m174[0m |   );
 [2m175[0m | }
     : [31;1m^[0m
     `----

  [31mx[0m Unexpected eof
     ,-[[36;1;4m/Users/macbook/Documents/website/frontend/src/app/page.js[0m:173:1]
 [2m173[0m |     </>
 [2m174[0m |   );
 [2m175[0m | }
     `----

Caused by:
    Syntax Error

Import trace for requested module:
./src/app/page.js
 ✓ Compiled in 84ms (582 modules)
 ✓ Compiled in 122ms (582 modules)
 ✓ Compiled in 140ms (582 modules)
 ✓ Compiled in 62ms (582 modules)
 ✓ Compiled in 218ms (596 modules)
[?25h
